../Core/Src/main.c:74:6:delay	16	static
../Core/Src/main.c:80:6:HAL_TIM_IC_CaptureCallback	16	static
../Core/Src/main.c:118:6:HCSR04_Read	8	static
../Core/Src/main.c:139:5:main	8	static
../Core/Src/main.c:190:6:SystemClock_Config	88	static
../Core/Src/main.c:236:13:MX_ETH_Init	8	static
../Core/Src/main.c:285:13:MX_TIM3_Init	48	static
../Core/Src/main.c:343:13:MX_USART3_UART_Init	8	static
../Core/Src/main.c:376:13:MX_USB_OTG_FS_PCD_Init	8	static
../Core/Src/main.c:411:13:MX_GPIO_Init	56	static
../Core/Src/main.c:483:5:__io_putchar	16	static
../Core/Src/main.c:488:5:_write	32	static
../Core/Src/main.c:516:6:Error_Handler	4	static,ignoring_inline_asm
