../Core/Src/main.c:91:6:delay	16	static
../Core/Src/main.c:97:6:HAL_TIM_IC_CaptureCallback	16	static
../Core/Src/main.c:135:6:HCSR04_Read	8	static
../Core/Src/main.c:167:5:main	8	static
../Core/Src/main.c:245:6:SystemClock_Config	88	static
../Core/Src/main.c:291:13:MX_ETH_Init	8	static
../Core/Src/main.c:340:13:MX_TIM3_Init	48	static
../Core/Src/main.c:398:13:MX_USART3_UART_Init	8	static
../Core/Src/main.c:431:13:MX_USB_OTG_FS_PCD_Init	8	static
../Core/Src/main.c:466:13:MX_GPIO_Init	56	static
../Core/Src/main.c:538:5:__io_putchar	16	static
../Core/Src/main.c:543:5:_write	32	static
../Core/Src/main.c:571:6:Error_Handler	4	static,ignoring_inline_asm
